1.	Переходим в нужную папку Last login: Thu Jul 18 14:51:02 on consoleAir-Nataliya:~ nataliya$ cd Documents/HTML/autor/2.	Проверяем, там ли мы находимсяAir-Nataliya:autor nataliya$ pwd/Users/nataliya/Documents/HTML/autor3.	Создем репозиторийAir-Nataliya:autor nataliya$ git initInitialized empty Git repository in /Users/nataliya/Documents/HTML/autor/.git/4.	Проверяем гит-статусAir-Nataliya:autor nataliya$ git statusOn branch masterNo commits yetUntracked files:  (use "git add <file>..." to include in what will be committed)	Art-Victorian.ttf	Noteworthy.ttf	VK.jpegnothing added to commit but untracked files present (use "git add" to track)5.	Выдвигаем все файлы на коммитAir-Nataliya:autor nataliya$ git add *6.	Проверяем статусAir-Nataliya:autor nataliya$ git statusOn branch masterNo commits yetChanges to be committed:  (use "git rm --cached <file>..." to unstage)	new file:   Art-Victorian.ttf	new file:   Noteworthy.ttf	new file:   VK.jpeg7.	Закомичиваем файлы под именем "initial commit"Air-Nataliya:autor nataliya$ git commit -m "initial commit"[master (root-commit) cf8b1ea] initial commit 25 files changed, 306 insertions(+) create mode 100644 Art-Victorian.ttf create mode 100644 Noteworthy.ttf create mode 100644 VK.jpeg8.	Связываем с гит-хабAir-Nataliya:autor nataliya$ git remote add origin https://github.com/Anessy/autor.git9.	Синхронизируем (пушнуть на гит-хаб)Air-Nataliya:autor nataliya$ git push -u origin masterUsername for 'https://github.com': AnessyPassword for 'https://Anessy@github.com': Enumerating objects: 27, done.Counting objects: 100% (27/27), done.Delta compression using up to 2 threadsCompressing objects: 100% (27/27), done.Writing objects: 100% (27/27), 83.04 MiB | 655.00 KiB/s, done.Total 27 (delta 0), reused 0 (delta 0)To https://github.com/Anessy/autor.git * [new branch]      master -> masterBranch 'master' set up to track remote branch 'master' from 'origin'.10.	Проверяем статус после того, как внесли изменения.Air-Nataliya:autor nataliya$ git statusOn branch masterYour branch is up to date with 'origin/master'.Changes not staged for commit:  (use "git add <file>..." to update what will be committed)  (use "git checkout -- <file>..." to discard changes in working directory)	modified:   mysite.htmlno changes added to commit (use "git add" and/or "git commit -a")11.	Добавляем на коммит один файлAir-Nataliya:autor nataliya$ git add .12.	Проверяем статусAir-Nataliya:autor nataliya$ git statusOn branch masterYour branch is up to date with 'origin/master'.Changes to be committed:  (use "git reset HEAD <file>..." to unstage)	modified:   mysite.html13.	КоммитимAir-Nataliya:autor nataliya$ git commit -m "losn surname"[master e8d4edd] losn surname 1 file changed, 1 insertion(+), 1 deletion(-)Air-Nataliya:autor nataliya$ git pushEnumerating objects: 5, done.Counting objects: 100% (5/5), done.Delta compression using up to 2 threadsCompressing objects: 100% (3/3), done.Writing objects: 100% (3/3), 307 bytes | 307.00 KiB/s, done.Total 3 (delta 2), reused 0 (delta 0)remote: Resolving deltas: 100% (2/2), completed with 2 local objects.To https://github.com/Anessy/autor.git   cf8b1ea..e8d4edd  master -> master14.	Вносим изменения. Проверяем статусAir-Nataliya:autor nataliya$ git statusOn branch masterYour branch is up to date with 'origin/master'.Changes not staged for commit:  (use "git add <file>..." to update what will be committed)  (use "git checkout -- <file>..." to discard changes in working directory)	modified:   mysite.htmlno changes added to commit (use "git add" and/or "git commit -a")15.	Создаем еще одну ветку коммитAir-Nataliya:autor nataliya$ git checkout -b test1M	mysite.htmlSwitched to a new branch 'test1'16.	Проверяем статусAir-Nataliya:autor nataliya$ git statusOn branch test1Changes not staged for commit:  (use "git add <file>..." to update what will be committed)  (use "git checkout -- <file>..." to discard changes in working directory)	modified:   mysite.htmlno changes added to commit (use "git add" and/or "git commit -a")17.	Добавляем на коммитAir-Nataliya:autor nataliya$ git add .18.	Коммитим (В НОВОЙ ВЕТКЕ)Air-Nataliya:autor nataliya$ git commit -m "add name autor"[test1 47f5b7d] add name autor 1 file changed, 1 insertion(+), 1 deletion(-)19.	Проверяем статусAir-Nataliya:autor nataliya$ git statusOn branch test1nothing to commit, working tree clean20.	Синхроним с гит-хаб. Получаем подсказкуAir-Nataliya:autor nataliya$ git pushfatal: The current branch test1 has no upstream branch.To push the current branch and set the remote as upstream, use    git push --set-upstream origin test121.	Синхроним с гит-хаб, используя подсказкуAir-Nataliya:autor nataliya$ git push --set-upstream origin test1Enumerating objects: 5, done.Counting objects: 100% (5/5), done.Delta compression using up to 2 threadsCompressing objects: 100% (3/3), done.Writing objects: 100% (3/3), 310 bytes | 155.00 KiB/s, done.Total 3 (delta 2), reused 0 (delta 0)remote: Resolving deltas: 100% (2/2), completed with 2 local objects.remote: remote: Create a pull request for 'test1' on GitHub by visiting:remote:      https://github.com/Anessy/autor/pull/new/test1remote: To https://github.com/Anessy/autor.git * [new branch]      test1 -> test1Branch 'test1' set up to track remote branch 'test1' from 'origin'.22.	Переходим на ветку «мастер»Air-Nataliya:autor nataliya$ git checkout masterSwitched to branch 'master'Your branch is up to date with 'origin/master'.23.	Возвращаемся на ветку test1Air-Nataliya:autor nataliya$ git checkout test1Switched to branch 'test1'Your branch is up to date with 'origin/test1'.24.	Проверяем гит-статусAir-Nataliya:autor nataliya$ git statusOn branch test1Your branch is up to date with 'origin/test1'.nothing to commit, working tree cleanAir-Nataliya:autor nataliya$ 